mode: atomic
github.com/sofiworker/gk/ghttp/api.go:29.2,29.18 1 0
github.com/sofiworker/gk/ghttp/api.go:30.3,31.1 1 0
github.com/sofiworker/gk/ghttp/api.go:32.2,32.16 1 0
github.com/sofiworker/gk/ghttp/api.go:33.3,34.1 1 0
github.com/sofiworker/gk/ghttp/api.go:35.2,35.14 1 0
github.com/sofiworker/gk/ghttp/api.go:36.3,37.1 1 0
github.com/sofiworker/gk/ghttp/api.go:41.2,42.16 2 0
github.com/sofiworker/gk/ghttp/api.go:43.3,44.1 1 0
github.com/sofiworker/gk/ghttp/api.go:48.2,49.27 2 0
github.com/sofiworker/gk/ghttp/api.go:50.3,51.1 1 0
github.com/sofiworker/gk/ghttp/api.go:55.2,55.52 1 0
github.com/sofiworker/gk/ghttp/api.go:56.3,57.1 1 0
github.com/sofiworker/gk/ghttp/api.go:59.2,63.1 1 0
github.com/sofiworker/gk/ghttp/api.go:69.2,70.1 1 0
github.com/sofiworker/gk/ghttp/api.go:75.2,76.1 1 0
github.com/sofiworker/gk/ghttp/api.go:81.2,82.1 1 0
github.com/sofiworker/gk/ghttp/api.go:87.2,88.1 1 0
github.com/sofiworker/gk/ghttp/api.go:93.2,94.1 1 0
github.com/sofiworker/gk/ghttp/api.go:99.2,100.1 1 0
github.com/sofiworker/gk/ghttp/api.go:105.2,106.1 1 0
github.com/sofiworker/gk/ghttp/api.go:113.2,113.18 1 0
github.com/sofiworker/gk/ghttp/api.go:114.3,115.1 1 0
github.com/sofiworker/gk/ghttp/api.go:116.2,116.16 1 0
github.com/sofiworker/gk/ghttp/api.go:117.3,118.1 1 0
github.com/sofiworker/gk/ghttp/api.go:119.2,119.14 1 0
github.com/sofiworker/gk/ghttp/api.go:120.3,121.1 1 0
github.com/sofiworker/gk/ghttp/api.go:125.2,126.27 2 0
github.com/sofiworker/gk/ghttp/api.go:127.3,128.1 1 0
github.com/sofiworker/gk/ghttp/api.go:132.2,133.1 2 0
github.com/sofiworker/gk/ghttp/api.go:136.2,136.52 2 0
github.com/sofiworker/gk/ghttp/api.go:137.3,138.1 1 0
github.com/sofiworker/gk/ghttp/api.go:140.2,144.1 1 0
github.com/sofiworker/gk/ghttp/api.go:150.2,150.34 1 0
github.com/sofiworker/gk/ghttp/api.go:151.3,152.1 1 0
github.com/sofiworker/gk/ghttp/context.go:34.2,34.18 1 0
github.com/sofiworker/gk/ghttp/context.go:35.3,36.1 1 0
github.com/sofiworker/gk/ghttp/context.go:37.2,37.14 1 0
github.com/sofiworker/gk/ghttp/context.go:43.2,44.1 1 0
github.com/sofiworker/gk/ghttp/errors.go:27.2,27.20 1 1
github.com/sofiworker/gk/ghttp/errors.go:28.3,29.1 1 0
github.com/sofiworker/gk/ghttp/errors.go:30.2,30.56 1 1
github.com/sofiworker/gk/ghttp/errors.go:36.2,37.1 1 0
github.com/sofiworker/gk/ghttp/errors.go:116.2,119.1 1 1
github.com/sofiworker/gk/ghttp/errors.go:125.2,128.1 1 0
github.com/sofiworker/gk/ghttp/errors.go:134.2,137.1 1 0
github.com/sofiworker/gk/ghttp/errors.go:143.2,146.1 1 0
github.com/sofiworker/gk/ghttp/errors.go:152.2,155.1 1 0
github.com/sofiworker/gk/ghttp/group.go:50.2,51.27 2 0
github.com/sofiworker/gk/ghttp/group.go:52.3,52.33 1 0
github.com/sofiworker/gk/ghttp/group.go:53.4,54.1 1 0
github.com/sofiworker/gk/ghttp/group.go:58.3,59.1 3 0
github.com/sofiworker/gk/ghttp/group.go:62.3,63.47 3 0
github.com/sofiworker/gk/ghttp/group.go:64.4,65.1 1 0
github.com/sofiworker/gk/ghttp/group.go:69.3,73.1 2 0
github.com/sofiworker/gk/ghttp/group.go:75.3,75.54 2 0
github.com/sofiworker/gk/ghttp/group.go:80.2,80.44 1 0
github.com/sofiworker/gk/ghttp/group.go:91.2,92.1 4 0
github.com/sofiworker/gk/ghttp/group.go:95.2,97.1 4 0
github.com/sofiworker/gk/ghttp/group.go:98.2,103.1 4 0
github.com/sofiworker/gk/ghttp/group.go:109.2,111.1 2 0
github.com/sofiworker/gk/ghttp/group.go:118.2,119.1 1 0
github.com/sofiworker/gk/ghttp/json.go:16.2,18.1 3 0
github.com/sofiworker/gk/ghttp/json.go:19.2,19.14 3 0
github.com/sofiworker/gk/ghttp/json.go:20.3,21.1 1 0
github.com/sofiworker/gk/ghttp/json.go:23.2,24.42 2 0
github.com/sofiworker/gk/ghttp/json.go:25.3,26.1 1 0
github.com/sofiworker/gk/ghttp/json.go:27.2,27.12 1 0
github.com/sofiworker/gk/ghttp/json.go:36.2,36.56 1 0
github.com/sofiworker/gk/ghttp/json.go:37.3,38.1 1 0
github.com/sofiworker/gk/ghttp/json.go:42.2,43.95 2 0
github.com/sofiworker/gk/ghttp/json.go:44.3,47.1 1 0
github.com/sofiworker/gk/ghttp/json.go:52.2,54.1 3 0
github.com/sofiworker/gk/ghttp/json.go:55.2,55.42 3 0
github.com/sofiworker/gk/ghttp/json.go:56.3,56.20 1 0
github.com/sofiworker/gk/ghttp/json.go:57.4,58.1 1 0
github.com/sofiworker/gk/ghttp/json.go:59.3,59.58 1 0
github.com/sofiworker/gk/ghttp/json.go:64.2,64.20 1 0
github.com/sofiworker/gk/ghttp/json.go:65.3,66.1 1 0
github.com/sofiworker/gk/ghttp/json.go:68.2,68.12 1 0
github.com/sofiworker/gk/ghttp/json.go:76.2,76.40 1 0
github.com/sofiworker/gk/ghttp/json.go:77.3,77.53 1 0
github.com/sofiworker/gk/ghttp/json.go:78.4,79.9 2 0
github.com/sofiworker/gk/ghttp/json.go:82.2,82.42 1 0
github.com/sofiworker/gk/ghttp/middleware.go:20.2,21.1 1 1
github.com/sofiworker/gk/ghttp/middleware.go:26.2,27.1 1 1
github.com/sofiworker/gk/ghttp/middleware.go:32.2,33.16 2 2
github.com/sofiworker/gk/ghttp/middleware.go:34.3,35.1 1 2
github.com/sofiworker/gk/ghttp/middleware.go:37.2,37.36 1 2
github.com/sofiworker/gk/ghttp/middleware.go:38.3,38.78 1 2
github.com/sofiworker/gk/ghttp/middleware.go:39.4,39.17 1 2
github.com/sofiworker/gk/ghttp/middleware.go:40.5,40.37 1 2
github.com/sofiworker/gk/ghttp/middleware.go:43.6,43.23 1 2
github.com/sofiworker/gk/ghttp/middleware.go:44.7,46.1 2 2
github.com/sofiworker/gk/ghttp/middleware.go:50.6,50.22 1 2
github.com/sofiworker/gk/ghttp/middleware.go:51.7,52.1 1 0
github.com/sofiworker/gk/ghttp/middleware.go:56.6,56.24 1 2
github.com/sofiworker/gk/ghttp/middleware.go:57.7,59.1 2 1
github.com/sofiworker/gk/ghttp/middleware.go:63.6,64.49 2 1
github.com/sofiworker/gk/ghttp/middleware.go:68.4,69.10 2 2
github.com/sofiworker/gk/ghttp/middleware.go:77.2,78.1 1 0
github.com/sofiworker/gk/ghttp/middleware.go:83.2,86.1 1 2
github.com/sofiworker/gk/ghttp/middleware.go:139.2,140.16 2 3
github.com/sofiworker/gk/ghttp/middleware.go:141.3,142.1 1 0
github.com/sofiworker/gk/ghttp/middleware.go:144.2,145.22 2 3
github.com/sofiworker/gk/ghttp/middleware.go:146.3,147.1 1 3
github.com/sofiworker/gk/ghttp/middleware.go:149.2,150.40 2 3
github.com/sofiworker/gk/ghttp/middleware.go:151.3,152.1 1 1
github.com/sofiworker/gk/ghttp/middleware.go:154.2,154.36 1 3
github.com/sofiworker/gk/ghttp/middleware.go:155.3,155.72 1 4
github.com/sofiworker/gk/ghttp/middleware.go:158.4,160.1 3 4
github.com/sofiworker/gk/ghttp/middleware.go:163.4,163.23 3 4
github.com/sofiworker/gk/ghttp/middleware.go:164.5,165.1 1 1
github.com/sofiworker/gk/ghttp/middleware.go:169.4,170.1 4 3
github.com/sofiworker/gk/ghttp/middleware.go:173.4,174.1 4 3
github.com/sofiworker/gk/ghttp/middleware.go:177.4,184.1 4 3
github.com/sofiworker/gk/ghttp/middleware.go:186.4,186.18 4 3
github.com/sofiworker/gk/ghttp/middleware.go:187.5,188.1 1 1
github.com/sofiworker/gk/ghttp/middleware.go:192.4,193.1 2 3
github.com/sofiworker/gk/ghttp/middleware.go:194.4,194.14 2 3
github.com/sofiworker/gk/ghttp/middleware.go:202.2,205.1 5 3
github.com/sofiworker/gk/ghttp/middleware.go:206.2,207.31 5 3
github.com/sofiworker/gk/ghttp/middleware.go:208.3,209.1 1 1
github.com/sofiworker/gk/ghttp/middleware.go:211.2,219.3 1 3
github.com/sofiworker/gk/ghttp/middleware.go:225.2,225.9 1 3
github.com/sofiworker/gk/ghttp/middleware.go:227.3,227.23 1 3
github.com/sofiworker/gk/ghttp/middleware.go:229.3,229.23 1 0
github.com/sofiworker/gk/ghttp/middleware.go:231.3,231.23 1 0
github.com/sofiworker/gk/ghttp/middleware.go:233.3,233.23 1 0
github.com/sofiworker/gk/ghttp/middleware.go:240.2,240.16 1 3
github.com/sofiworker/gk/ghttp/middleware.go:242.3,242.23 1 3
github.com/sofiworker/gk/ghttp/middleware.go:244.3,244.23 1 0
github.com/sofiworker/gk/ghttp/middleware.go:246.3,246.23 1 0
github.com/sofiworker/gk/ghttp/middleware.go:248.3,248.23 1 0
github.com/sofiworker/gk/ghttp/middleware.go:250.3,250.23 1 0
github.com/sofiworker/gk/ghttp/middleware.go:252.3,252.23 1 0
github.com/sofiworker/gk/ghttp/middleware.go:254.3,254.23 1 0
github.com/sofiworker/gk/ghttp/middleware.go:256.3,256.19 1 0
github.com/sofiworker/gk/ghttp/middleware.go:263.2,263.36 1 2
github.com/sofiworker/gk/ghttp/middleware.go:264.3,264.72 1 2
github.com/sofiworker/gk/ghttp/middleware.go:265.4,266.1 2 2
github.com/sofiworker/gk/ghttp/middleware.go:269.4,269.32 2 2
github.com/sofiworker/gk/ghttp/middleware.go:270.5,271.1 1 2
github.com/sofiworker/gk/ghttp/middleware.go:271.11,271.27 1 0
github.com/sofiworker/gk/ghttp/middleware.go:272.5,273.1 1 0
github.com/sofiworker/gk/ghttp/middleware.go:275.4,275.33 1 2
github.com/sofiworker/gk/ghttp/middleware.go:276.5,277.1 1 2
github.com/sofiworker/gk/ghttp/middleware.go:279.4,279.33 1 2
github.com/sofiworker/gk/ghttp/middleware.go:280.5,281.1 1 2
github.com/sofiworker/gk/ghttp/middleware.go:283.4,283.31 1 2
github.com/sofiworker/gk/ghttp/middleware.go:284.5,285.1 1 1
github.com/sofiworker/gk/ghttp/middleware.go:287.4,287.25 1 2
github.com/sofiworker/gk/ghttp/middleware.go:288.5,289.1 1 1
github.com/sofiworker/gk/ghttp/middleware.go:293.4,293.44 1 2
github.com/sofiworker/gk/ghttp/middleware.go:294.5,296.1 2 1
github.com/sofiworker/gk/ghttp/middleware.go:298.4,298.31 1 1
github.com/sofiworker/gk/ghttp/reply.go:71.2,73.1 3 0
github.com/sofiworker/gk/ghttp/reply.go:76.2,76.21 3 0
github.com/sofiworker/gk/ghttp/reply.go:77.3,79.1 2 0
github.com/sofiworker/gk/ghttp/reply.go:79.9,79.25 1 0
github.com/sofiworker/gk/ghttp/reply.go:82.3,83.17 2 0
github.com/sofiworker/gk/ghttp/reply.go:84.4,85.1 1 0
github.com/sofiworker/gk/ghttp/reply.go:86.3,87.1 3 0
github.com/sofiworker/gk/ghttp/reply.go:88.3,89.17 3 0
github.com/sofiworker/gk/ghttp/reply.go:90.4,91.1 1 0
github.com/sofiworker/gk/ghttp/reply.go:93.3,95.1 3 0
github.com/sofiworker/gk/ghttp/reply.go:98.3,98.19 3 0
github.com/sofiworker/gk/ghttp/reply.go:99.4,100.1 1 0
github.com/sofiworker/gk/ghttp/reply.go:102.3,103.1 1 0
github.com/sofiworker/gk/ghttp/reply.go:107.2,107.25 1 0
github.com/sofiworker/gk/ghttp/reply.go:108.3,109.1 1 0
github.com/sofiworker/gk/ghttp/reply.go:113.2,113.18 1 0
github.com/sofiworker/gk/ghttp/reply.go:114.3,115.19 2 0
github.com/sofiworker/gk/ghttp/reply.go:116.4,117.1 1 0
github.com/sofiworker/gk/ghttp/reply.go:118.3,118.82 1 0
github.com/sofiworker/gk/ghttp/reply.go:123.2,124.12 2 0
github.com/sofiworker/gk/ghttp/reply.go:142.2,142.25 1 0
github.com/sofiworker/gk/ghttp/reply.go:143.3,144.1 1 0
github.com/sofiworker/gk/ghttp/reply.go:145.2,147.1 3 0
github.com/sofiworker/gk/ghttp/reply.go:148.2,148.21 3 0
github.com/sofiworker/gk/ghttp/reply.go:149.3,150.1 1 0
github.com/sofiworker/gk/ghttp/reply.go:151.2,151.12 1 0
github.com/sofiworker/gk/ghttp/reply.go:172.2,173.17 2 0
github.com/sofiworker/gk/ghttp/reply.go:174.3,175.1 1 0
github.com/sofiworker/gk/ghttp/reply.go:176.2,176.52 1 0
github.com/sofiworker/gk/ghttp/reply.go:186.2,187.1 1 0
github.com/sofiworker/gk/ghttp/request.go:40.2,40.23 1 0
github.com/sofiworker/gk/ghttp/request.go:41.3,41.20 1 0
github.com/sofiworker/gk/ghttp/request.go:42.4,43.1 1 0
github.com/sofiworker/gk/ghttp/request.go:45.2,45.11 1 0
github.com/sofiworker/gk/ghttp/request.go:51.2,52.1 1 0
github.com/sofiworker/gk/ghttp/request_of.go:38.2,39.1 1 0
github.com/sofiworker/gk/ghttp/request_of.go:44.2,45.1 1 0
github.com/sofiworker/gk/ghttp/request_of.go:50.2,51.1 1 0
github.com/sofiworker/gk/ghttp/request_of.go:56.2,57.1 1 0
github.com/sofiworker/gk/ghttp/request_of.go:62.2,63.1 1 0
github.com/sofiworker/gk/ghttp/request_of.go:84.2,84.34 1 0
github.com/sofiworker/gk/ghttp/request_of.go:85.3,85.32 1 0
github.com/sofiworker/gk/ghttp/request_of.go:86.4,87.1 1 0
github.com/sofiworker/gk/ghttp/request_of.go:89.2,89.48 1 0
github.com/sofiworker/gk/ghttp/request_of.go:95.2,96.1 2 0
github.com/sofiworker/gk/ghttp/request_of.go:99.2,99.41 2 0
github.com/sofiworker/gk/ghttp/request_of.go:100.3,101.1 1 0
github.com/sofiworker/gk/ghttp/request_of.go:105.2,107.46 3 0
github.com/sofiworker/gk/ghttp/request_of.go:108.3,109.1 1 0
github.com/sofiworker/gk/ghttp/request_of.go:111.2,111.18 1 0
github.com/sofiworker/gk/ghttp/request_of.go:120.2,126.1 1 0
github.com/sofiworker/gk/ghttp/response.go:26.2,26.15 1 12
github.com/sofiworker/gk/ghttp/response.go:27.3,28.1 1 0
github.com/sofiworker/gk/ghttp/response.go:29.2,31.18 3 12
github.com/sofiworker/gk/ghttp/response.go:37.2,37.16 1 11
github.com/sofiworker/gk/ghttp/response.go:38.3,39.1 1 6
github.com/sofiworker/gk/ghttp/response.go:40.2,40.29 1 11
github.com/sofiworker/gk/ghttp/response.go:46.2,47.1 1 9
github.com/sofiworker/gk/ghttp/response.go:52.2,52.23 1 3
github.com/sofiworker/gk/ghttp/response.go:53.3,54.1 1 1
github.com/sofiworker/gk/ghttp/response.go:55.2,55.21 1 2
github.com/sofiworker/gk/ghttp/route.go:38.2,39.1 1 14
github.com/sofiworker/gk/ghttp/route.go:57.2,57.46 1 0
github.com/sofiworker/gk/ghttp/route.go:58.3,59.1 1 0
github.com/sofiworker/gk/ghttp/route.go:60.2,60.50 1 0
github.com/sofiworker/gk/ghttp/route.go:61.3,62.1 1 0
github.com/sofiworker/gk/ghttp/route.go:66.2,66.71 1 0
github.com/sofiworker/gk/ghttp/route.go:69.3,70.1 3 0
github.com/sofiworker/gk/ghttp/route.go:73.3,74.17 3 0
github.com/sofiworker/gk/ghttp/route.go:75.4,76.1 1 0
github.com/sofiworker/gk/ghttp/route.go:80.3,80.48 1 0
github.com/sofiworker/gk/ghttp/route.go:87.2,89.1 3 0
github.com/sofiworker/gk/ghttp/route.go:92.2,92.41 3 0
github.com/sofiworker/gk/ghttp/route.go:93.3,94.1 1 0
github.com/sofiworker/gk/ghttp/route.go:98.2,98.16 1 0
github.com/sofiworker/gk/ghttp/route.go:99.3,100.1 1 0
github.com/sofiworker/gk/ghttp/route.go:104.2,104.34 1 0
github.com/sofiworker/gk/ghttp/route.go:105.3,106.1 1 0
github.com/sofiworker/gk/ghttp/route.go:107.2,107.70 1 0
github.com/sofiworker/gk/ghttp/route.go:108.3,109.1 1 0
github.com/sofiworker/gk/ghttp/route.go:111.2,111.94 1 0
github.com/sofiworker/gk/ghttp/route.go:117.2,119.1 3 0
github.com/sofiworker/gk/ghttp/route.go:122.2,122.16 3 0
github.com/sofiworker/gk/ghttp/route.go:123.3,124.1 1 0
github.com/sofiworker/gk/ghttp/route.go:128.2,129.14 2 0
github.com/sofiworker/gk/ghttp/route.go:134.3,134.13 1 0
github.com/sofiworker/gk/ghttp/route.go:136.3,136.77 1 0
github.com/sofiworker/gk/ghttp/route.go:143.2,145.1 4 0
github.com/sofiworker/gk/ghttp/route.go:146.2,147.16 4 0
github.com/sofiworker/gk/ghttp/route.go:148.3,149.1 1 0
github.com/sofiworker/gk/ghttp/route.go:151.2,152.12 2 0
github.com/sofiworker/gk/ghttp/router.go:51.2,53.1 1 17
github.com/sofiworker/gk/ghttp/router.go:59.2,62.1 4 14
github.com/sofiworker/gk/ghttp/router.go:63.2,63.34 4 14
github.com/sofiworker/gk/ghttp/router.go:64.3,65.1 1 0
github.com/sofiworker/gk/ghttp/router.go:69.2,70.9 2 14
github.com/sofiworker/gk/ghttp/router.go:71.3,73.1 2 12
github.com/sofiworker/gk/ghttp/router.go:77.2,77.17 1 14
github.com/sofiworker/gk/ghttp/router.go:78.3,78.26 1 0
github.com/sofiworker/gk/ghttp/router.go:79.4,80.1 1 0
github.com/sofiworker/gk/ghttp/router.go:81.3,83.13 3 0
github.com/sofiworker/gk/ghttp/router.go:88.2,89.45 2 14
github.com/sofiworker/gk/ghttp/router.go:95.2,95.24 1 28
github.com/sofiworker/gk/ghttp/router.go:96.3,96.23 1 14
github.com/sofiworker/gk/ghttp/router.go:97.4,98.1 1 1
github.com/sofiworker/gk/ghttp/router.go:99.3,101.13 3 13
github.com/sofiworker/gk/ghttp/router.go:104.2,106.1 6 14
github.com/sofiworker/gk/ghttp/router.go:109.2,112.1 6 14
github.com/sofiworker/gk/ghttp/router.go:113.2,113.37 6 14
github.com/sofiworker/gk/ghttp/router.go:116.3,119.1 3 0
github.com/sofiworker/gk/ghttp/router.go:119.9,119.44 1 14
github.com/sofiworker/gk/ghttp/router.go:122.3,125.1 4 0
github.com/sofiworker/gk/ghttp/router.go:128.3,128.25 4 0
github.com/sofiworker/gk/ghttp/router.go:129.4,130.1 1 0
github.com/sofiworker/gk/ghttp/router.go:135.2,135.35 1 14
github.com/sofiworker/gk/ghttp/router.go:136.3,136.28 1 2
github.com/sofiworker/gk/ghttp/router.go:137.4,138.1 1 1
github.com/sofiworker/gk/ghttp/router.go:143.2,149.1 3 13
github.com/sofiworker/gk/ghttp/router.go:151.2,152.51 3 13
github.com/sofiworker/gk/ghttp/router.go:161.2,162.9 2 13
github.com/sofiworker/gk/ghttp/router.go:163.3,164.1 1 2
github.com/sofiworker/gk/ghttp/router.go:168.2,168.17 1 11
github.com/sofiworker/gk/ghttp/router.go:169.3,169.26 1 0
github.com/sofiworker/gk/ghttp/router.go:170.4,171.1 1 0
github.com/sofiworker/gk/ghttp/router.go:172.3,172.22 1 0
github.com/sofiworker/gk/ghttp/router.go:177.2,179.20 3 11
github.com/sofiworker/gk/ghttp/router.go:180.3,181.1 1 11
github.com/sofiworker/gk/ghttp/router.go:183.2,183.21 1 0
github.com/sofiworker/gk/ghttp/router.go:189.2,189.24 1 22
github.com/sofiworker/gk/ghttp/router.go:190.3,191.1 1 11
github.com/sofiworker/gk/ghttp/router.go:193.2,195.1 3 11
github.com/sofiworker/gk/ghttp/router.go:198.2,198.35 3 11
github.com/sofiworker/gk/ghttp/router.go:199.3,199.67 1 12
github.com/sofiworker/gk/ghttp/router.go:200.4,201.22 2 11
github.com/sofiworker/gk/ghttp/router.go:202.5,203.1 1 11
github.com/sofiworker/gk/ghttp/router.go:209.2,209.35 1 0
github.com/sofiworker/gk/ghttp/router.go:210.3,210.20 1 0
github.com/sofiworker/gk/ghttp/router.go:211.4,212.22 2 0
github.com/sofiworker/gk/ghttp/router.go:215.5,217.1 2 0
github.com/sofiworker/gk/ghttp/router.go:223.2,223.35 1 0
github.com/sofiworker/gk/ghttp/router.go:224.3,224.23 1 0
github.com/sofiworker/gk/ghttp/router.go:227.4,230.1 3 0
github.com/sofiworker/gk/ghttp/router.go:233.2,233.17 1 0
github.com/sofiworker/gk/ghttp/router.go:241.2,242.16 2 25
github.com/sofiworker/gk/ghttp/router.go:243.3,244.1 1 0
github.com/sofiworker/gk/ghttp/router.go:245.2,245.33 1 25
github.com/sofiworker/gk/ghttp/server.go:85.2,85.31 1 1
github.com/sofiworker/gk/ghttp/server.go:86.3,87.1 1 1
github.com/sofiworker/gk/ghttp/server.go:93.2,93.31 1 1
github.com/sofiworker/gk/ghttp/server.go:94.3,95.1 1 1
github.com/sofiworker/gk/ghttp/server.go:101.2,101.31 1 1
github.com/sofiworker/gk/ghttp/server.go:102.3,103.1 1 1
github.com/sofiworker/gk/ghttp/server.go:109.2,109.31 1 0
github.com/sofiworker/gk/ghttp/server.go:110.3,111.1 1 0
github.com/sofiworker/gk/ghttp/server.go:117.2,117.31 1 0
github.com/sofiworker/gk/ghttp/server.go:118.3,119.1 1 0
github.com/sofiworker/gk/ghttp/server.go:125.2,125.31 1 0
github.com/sofiworker/gk/ghttp/server.go:126.3,127.1 1 0
github.com/sofiworker/gk/ghttp/server.go:133.2,133.31 1 0
github.com/sofiworker/gk/ghttp/server.go:134.3,135.1 1 0
github.com/sofiworker/gk/ghttp/server.go:149.2,156.1 2 17
github.com/sofiworker/gk/ghttp/server.go:158.2,158.27 2 17
github.com/sofiworker/gk/ghttp/server.go:159.3,160.1 1 3
github.com/sofiworker/gk/ghttp/server.go:162.2,166.1 2 17
github.com/sofiworker/gk/ghttp/server.go:168.2,168.10 2 17
github.com/sofiworker/gk/ghttp/server.go:177.2,179.1 3 9
github.com/sofiworker/gk/ghttp/server.go:180.2,180.22 3 9
github.com/sofiworker/gk/ghttp/server.go:183.3,184.1 1 0
github.com/sofiworker/gk/ghttp/server.go:186.2,187.10 2 9
github.com/sofiworker/gk/ghttp/server.go:196.2,198.1 3 15
github.com/sofiworker/gk/ghttp/server.go:199.2,199.22 3 15
github.com/sofiworker/gk/ghttp/server.go:200.3,201.1 1 1
github.com/sofiworker/gk/ghttp/server.go:203.2,203.31 1 14
github.com/sofiworker/gk/ghttp/server.go:204.3,204.37 1 14
github.com/sofiworker/gk/ghttp/server.go:205.4,206.1 1 0
github.com/sofiworker/gk/ghttp/server.go:208.3,208.50 1 14
github.com/sofiworker/gk/ghttp/server.go:209.4,211.1 1 1
github.com/sofiworker/gk/ghttp/server.go:214.2,214.12 1 13
github.com/sofiworker/gk/ghttp/server.go:220.2,225.1 1 1
github.com/sofiworker/gk/ghttp/server.go:233.2,234.1 1 0
github.com/sofiworker/gk/ghttp/server.go:241.2,241.23 1 12
github.com/sofiworker/gk/ghttp/server.go:242.3,243.1 1 11
github.com/sofiworker/gk/ghttp/server.go:247.2,250.1 6 12
github.com/sofiworker/gk/ghttp/server.go:252.2,256.1 6 12
github.com/sofiworker/gk/ghttp/server.go:260.2,263.1 6 12
github.com/sofiworker/gk/ghttp/server.go:266.2,266.20 6 12
github.com/sofiworker/gk/ghttp/server.go:267.3,269.1 2 2
github.com/sofiworker/gk/ghttp/server.go:273.2,274.46 2 10
github.com/sofiworker/gk/ghttp/server.go:275.3,276.1 1 10
github.com/sofiworker/gk/ghttp/server.go:280.2,281.53 2 10
github.com/sofiworker/gk/ghttp/server.go:282.3,283.1 1 1
github.com/sofiworker/gk/ghttp/server.go:289.2,297.1 4 0
github.com/sofiworker/gk/ghttp/server.go:299.2,301.1 4 0
github.com/sofiworker/gk/ghttp/server.go:306.2,315.1 4 0
github.com/sofiworker/gk/ghttp/server.go:317.2,319.1 4 0
github.com/sofiworker/gk/ghttp/server.go:324.2,330.1 3 0
github.com/sofiworker/gk/ghttp/server.go:332.2,334.1 3 0
github.com/sofiworker/gk/ghttp/server.go:339.2,346.1 3 0
github.com/sofiworker/gk/ghttp/server.go:348.2,350.1 3 0
github.com/sofiworker/gk/ghttp/server.go:355.2,355.25 1 0
github.com/sofiworker/gk/ghttp/server.go:356.3,357.1 1 0
github.com/sofiworker/gk/ghttp/server.go:358.2,358.35 1 0
github.com/sofiworker/gk/ghttp/server.go:364.2,364.25 1 0
github.com/sofiworker/gk/ghttp/server.go:365.3,366.1 1 0
github.com/sofiworker/gk/ghttp/server.go:367.2,367.29 1 0
github.com/sofiworker/gk/ghttp/server.go:373.2,373.18 1 2
github.com/sofiworker/gk/ghttp/server.go:374.3,375.1 1 0
github.com/sofiworker/gk/ghttp/server.go:376.2,377.42 2 2
github.com/sofiworker/gk/ghttp/server.go:383.2,383.18 1 0
github.com/sofiworker/gk/ghttp/server.go:384.3,385.1 1 0
github.com/sofiworker/gk/ghttp/server.go:386.2,387.46 2 0
github.com/sofiworker/gk/ghttp/server.go:393.2,393.16 1 1
github.com/sofiworker/gk/ghttp/server.go:394.3,395.1 1 0
github.com/sofiworker/gk/ghttp/server.go:399.2,399.18 1 1
github.com/sofiworker/gk/ghttp/server.go:400.3,401.1 1 0
github.com/sofiworker/gk/ghttp/server.go:405.2,405.34 1 1
github.com/sofiworker/gk/ghttp/server.go:406.3,408.1 2 1
github.com/sofiworker/gk/ghttp/server.go:412.2,412.42 1 0
github.com/sofiworker/gk/ghttp/server.go:418.2,418.16 1 1
github.com/sofiworker/gk/ghttp/server.go:419.3,420.1 1 0
github.com/sofiworker/gk/ghttp/server.go:424.2,424.18 1 1
github.com/sofiworker/gk/ghttp/server.go:425.3,426.1 1 0
github.com/sofiworker/gk/ghttp/server.go:430.2,431.34 2 1
github.com/sofiworker/gk/ghttp/server.go:432.3,433.1 1 1
github.com/sofiworker/gk/ghttp/server.go:436.3,440.1 1 0
github.com/sofiworker/gk/ghttp/server.go:443.2,445.37 3 1
github.com/sofiworker/gk/ghttp/server_bench_test_new.go:12.2,13.1 2 0
github.com/sofiworker/gk/ghttp/server_bench_test_new.go:14.2,14.75 2 0
github.com/sofiworker/gk/ghttp/server_bench_test_new.go:15.3,17.1 2 0
github.com/sofiworker/gk/ghttp/server_bench_test_new.go:19.2,24.1 6 0
github.com/sofiworker/gk/ghttp/server_bench_test_new.go:25.2,27.1 6 0
github.com/sofiworker/gk/ghttp/server_bench_test_new.go:28.2,30.1 6 0
github.com/sofiworker/gk/ghttp/server_bench_test_new.go:31.2,31.27 6 0
github.com/sofiworker/gk/ghttp/server_bench_test_new.go:32.3,34.1 2 0
github.com/sofiworker/gk/ghttp/server_bench_test_new.go:40.2,41.1 2 0
github.com/sofiworker/gk/ghttp/server_bench_test_new.go:42.2,42.75 2 0
github.com/sofiworker/gk/ghttp/server_bench_test_new.go:43.3,46.1 3 0
github.com/sofiworker/gk/ghttp/server_bench_test_new.go:48.2,53.1 6 0
github.com/sofiworker/gk/ghttp/server_bench_test_new.go:54.2,56.1 6 0
github.com/sofiworker/gk/ghttp/server_bench_test_new.go:57.2,59.1 6 0
github.com/sofiworker/gk/ghttp/server_bench_test_new.go:60.2,60.27 6 0
github.com/sofiworker/gk/ghttp/server_bench_test_new.go:61.3,63.1 2 0
github.com/sofiworker/gk/ghttp/server_bench_test_new.go:69.2,70.1 2 0
github.com/sofiworker/gk/ghttp/server_bench_test_new.go:71.2,71.75 2 0
github.com/sofiworker/gk/ghttp/server_bench_test_new.go:72.3,76.1 4 0
github.com/sofiworker/gk/ghttp/server_bench_test_new.go:78.2,83.1 6 0
github.com/sofiworker/gk/ghttp/server_bench_test_new.go:84.2,86.1 6 0
github.com/sofiworker/gk/ghttp/server_bench_test_new.go:87.2,89.1 6 0
github.com/sofiworker/gk/ghttp/server_bench_test_new.go:90.2,90.27 6 0
github.com/sofiworker/gk/ghttp/server_bench_test_new.go:91.3,93.1 2 0
github.com/sofiworker/gk/ghttp/server_bench_test_new.go:99.2,100.1 2 0
github.com/sofiworker/gk/ghttp/server_bench_test_new.go:103.2,103.25 2 0
github.com/sofiworker/gk/ghttp/server_bench_test_new.go:104.3,104.36 1 0
github.com/sofiworker/gk/ghttp/server_bench_test_new.go:105.4,105.73 1 0
github.com/sofiworker/gk/ghttp/server_bench_test_new.go:106.5,107.1 1 0
github.com/sofiworker/gk/ghttp/server_bench_test_new.go:111.2,111.75 1 0
github.com/sofiworker/gk/ghttp/server_bench_test_new.go:112.3,114.1 2 0
github.com/sofiworker/gk/ghttp/server_bench_test_new.go:116.2,121.1 6 0
github.com/sofiworker/gk/ghttp/server_bench_test_new.go:122.2,124.1 6 0
github.com/sofiworker/gk/ghttp/server_bench_test_new.go:125.2,127.1 6 0
github.com/sofiworker/gk/ghttp/server_bench_test_new.go:128.2,128.27 6 0
github.com/sofiworker/gk/ghttp/server_bench_test_new.go:129.3,131.1 2 0
github.com/sofiworker/gk/ghttp/server_bench_test_new.go:137.2,138.1 6 0
github.com/sofiworker/gk/ghttp/server_bench_test_new.go:139.2,141.1 6 0
github.com/sofiworker/gk/ghttp/server_bench_test_new.go:142.2,144.1 6 0
github.com/sofiworker/gk/ghttp/server_bench_test_new.go:145.2,145.27 6 0
github.com/sofiworker/gk/ghttp/server_bench_test_new.go:146.3,148.1 2 0
github.com/sofiworker/gk/ghttp/server_bench_test_new.go:154.2,155.1 2 0
github.com/sofiworker/gk/ghttp/server_bench_test_new.go:156.2,156.75 2 0
github.com/sofiworker/gk/ghttp/server_bench_test_new.go:157.3,159.1 2 0
github.com/sofiworker/gk/ghttp/server_bench_test_new.go:163.2,169.1 2 0
github.com/sofiworker/gk/ghttp/server_bench_test_new.go:171.2,171.29 2 0
github.com/sofiworker/gk/ghttp/server_bench_test_new.go:172.3,177.1 1 0
github.com/sofiworker/gk/ghttp/server_bench_test_new.go:179.2,181.1 5 0
github.com/sofiworker/gk/ghttp/server_bench_test_new.go:182.2,184.1 5 0
github.com/sofiworker/gk/ghttp/server_bench_test_new.go:185.2,185.27 5 0
github.com/sofiworker/gk/ghttp/server_bench_test_new.go:186.3,188.1 2 0
github.com/sofiworker/gk/ghttp/server_bench_test_new.go:194.2,195.1 2 0
github.com/sofiworker/gk/ghttp/server_bench_test_new.go:196.2,196.75 2 0
github.com/sofiworker/gk/ghttp/server_bench_test_new.go:197.3,199.1 2 0
github.com/sofiworker/gk/ghttp/server_bench_test_new.go:201.2,203.1 8 0
github.com/sofiworker/gk/ghttp/server_bench_test_new.go:204.2,209.1 8 0
github.com/sofiworker/gk/ghttp/server_bench_test_new.go:210.2,212.1 8 0
github.com/sofiworker/gk/ghttp/server_bench_test_new.go:213.2,215.1 8 0
github.com/sofiworker/gk/ghttp/server_bench_test_new.go:216.2,216.27 8 0
github.com/sofiworker/gk/ghttp/server_bench_test_new.go:217.3,219.1 2 0
github.com/sofiworker/gk/ghttp/server_bench_test_new.go:231.2,231.21 1 0
github.com/sofiworker/gk/ghttp/server_bench_test_new.go:232.3,233.1 1 0
github.com/sofiworker/gk/ghttp/server_bench_test_new.go:234.2,234.17 1 0
github.com/sofiworker/gk/ghttp/server_bench_test_new.go:238.2,240.1 2 0
github.com/sofiworker/gk/ghttp/server_bench_test_new.go:243.2,244.1 1 0
github.com/sofiworker/gk/ghttp/server_bench_test_new.go:247.2,250.1 3 0
github.com/sofiworker/gk/ghttp/server_integration_test_new.go:18.2,19.1 2 0
github.com/sofiworker/gk/ghttp/server_integration_test_new.go:20.2,20.75 2 0
github.com/sofiworker/gk/ghttp/server_integration_test_new.go:21.3,23.1 2 0
github.com/sofiworker/gk/ghttp/server_integration_test_new.go:25.2,30.16 2 0
github.com/sofiworker/gk/ghttp/server_integration_test_new.go:31.3,32.1 1 0
github.com/sofiworker/gk/ghttp/server_integration_test_new.go:34.2,36.1 4 0
github.com/sofiworker/gk/ghttp/server_integration_test_new.go:37.2,38.16 4 0
github.com/sofiworker/gk/ghttp/server_integration_test_new.go:39.3,40.1 1 0
github.com/sofiworker/gk/ghttp/server_integration_test_new.go:41.2,42.1 2 0
github.com/sofiworker/gk/ghttp/server_integration_test_new.go:43.2,43.38 2 0
github.com/sofiworker/gk/ghttp/server_integration_test_new.go:44.3,45.1 1 0
github.com/sofiworker/gk/ghttp/server_integration_test_new.go:47.2,48.37 2 0
github.com/sofiworker/gk/ghttp/server_integration_test_new.go:49.3,50.1 1 0
github.com/sofiworker/gk/ghttp/server_integration_test_new.go:56.2,57.1 2 0
github.com/sofiworker/gk/ghttp/server_integration_test_new.go:58.2,58.75 2 0
github.com/sofiworker/gk/ghttp/server_integration_test_new.go:59.3,62.1 3 0
github.com/sofiworker/gk/ghttp/server_integration_test_new.go:64.2,69.16 2 0
github.com/sofiworker/gk/ghttp/server_integration_test_new.go:70.3,71.1 1 0
github.com/sofiworker/gk/ghttp/server_integration_test_new.go:73.2,75.1 4 0
github.com/sofiworker/gk/ghttp/server_integration_test_new.go:76.2,77.16 4 0
github.com/sofiworker/gk/ghttp/server_integration_test_new.go:78.3,79.1 1 0
github.com/sofiworker/gk/ghttp/server_integration_test_new.go:80.2,81.1 4 0
github.com/sofiworker/gk/ghttp/server_integration_test_new.go:82.2,84.30 4 0
github.com/sofiworker/gk/ghttp/server_integration_test_new.go:85.3,86.1 1 0
github.com/sofiworker/gk/ghttp/server_integration_test_new.go:92.2,93.1 2 0
github.com/sofiworker/gk/ghttp/server_integration_test_new.go:94.2,94.75 2 0
github.com/sofiworker/gk/ghttp/server_integration_test_new.go:95.3,98.1 3 0
github.com/sofiworker/gk/ghttp/server_integration_test_new.go:100.2,105.16 2 0
github.com/sofiworker/gk/ghttp/server_integration_test_new.go:106.3,107.1 1 0
github.com/sofiworker/gk/ghttp/server_integration_test_new.go:109.2,111.1 4 0
github.com/sofiworker/gk/ghttp/server_integration_test_new.go:112.2,113.16 4 0
github.com/sofiworker/gk/ghttp/server_integration_test_new.go:114.3,115.1 1 0
github.com/sofiworker/gk/ghttp/server_integration_test_new.go:116.2,117.1 4 0
github.com/sofiworker/gk/ghttp/server_integration_test_new.go:118.2,120.30 4 0
github.com/sofiworker/gk/ghttp/server_integration_test_new.go:121.3,122.1 1 0
github.com/sofiworker/gk/ghttp/server_integration_test_new.go:128.2,129.1 3 0
github.com/sofiworker/gk/ghttp/server_integration_test_new.go:130.2,133.1 3 0
github.com/sofiworker/gk/ghttp/server_integration_test_new.go:135.2,135.75 3 0
github.com/sofiworker/gk/ghttp/server_integration_test_new.go:136.3,137.69 2 0
github.com/sofiworker/gk/ghttp/server_integration_test_new.go:138.4,139.1 1 0
github.com/sofiworker/gk/ghttp/server_integration_test_new.go:141.3,143.13 3 0
github.com/sofiworker/gk/ghttp/server_integration_test_new.go:146.2,151.16 2 0
github.com/sofiworker/gk/ghttp/server_integration_test_new.go:152.3,153.1 1 0
github.com/sofiworker/gk/ghttp/server_integration_test_new.go:155.2,157.1 5 0
github.com/sofiworker/gk/ghttp/server_integration_test_new.go:158.2,160.16 5 0
github.com/sofiworker/gk/ghttp/server_integration_test_new.go:161.3,162.1 1 0
github.com/sofiworker/gk/ghttp/server_integration_test_new.go:163.2,164.1 2 0
github.com/sofiworker/gk/ghttp/server_integration_test_new.go:165.2,165.38 2 0
github.com/sofiworker/gk/ghttp/server_integration_test_new.go:166.3,167.1 1 0
github.com/sofiworker/gk/ghttp/server_integration_test_new.go:169.2,170.50 2 0
github.com/sofiworker/gk/ghttp/server_integration_test_new.go:171.3,172.1 1 0
github.com/sofiworker/gk/ghttp/server_integration_test_new.go:178.2,179.1 5 0
github.com/sofiworker/gk/ghttp/server_integration_test_new.go:180.2,182.1 5 0
github.com/sofiworker/gk/ghttp/server_integration_test_new.go:183.2,184.16 5 0
github.com/sofiworker/gk/ghttp/server_integration_test_new.go:185.3,186.1 1 0
github.com/sofiworker/gk/ghttp/server_integration_test_new.go:187.2,188.1 2 0
github.com/sofiworker/gk/ghttp/server_integration_test_new.go:189.2,189.44 2 0
github.com/sofiworker/gk/ghttp/server_integration_test_new.go:190.3,191.1 1 0
github.com/sofiworker/gk/ghttp/server_integration_test_new.go:197.2,198.1 3 0
github.com/sofiworker/gk/ghttp/server_integration_test_new.go:199.2,200.1 3 0
github.com/sofiworker/gk/ghttp/server_integration_test_new.go:201.2,201.44 3 0
github.com/sofiworker/gk/ghttp/server_integration_test_new.go:202.3,202.72 1 0
github.com/sofiworker/gk/ghttp/server_integration_test_new.go:203.4,207.1 4 0
github.com/sofiworker/gk/ghttp/server_integration_test_new.go:210.2,210.44 1 0
github.com/sofiworker/gk/ghttp/server_integration_test_new.go:211.3,211.72 1 0
github.com/sofiworker/gk/ghttp/server_integration_test_new.go:212.4,216.1 4 0
github.com/sofiworker/gk/ghttp/server_integration_test_new.go:219.2,220.1 2 0
github.com/sofiworker/gk/ghttp/server_integration_test_new.go:221.2,221.75 2 0
github.com/sofiworker/gk/ghttp/server_integration_test_new.go:222.3,225.1 3 0
github.com/sofiworker/gk/ghttp/server_integration_test_new.go:227.2,232.16 2 0
github.com/sofiworker/gk/ghttp/server_integration_test_new.go:233.3,234.1 1 0
github.com/sofiworker/gk/ghttp/server_integration_test_new.go:236.2,238.1 4 0
github.com/sofiworker/gk/ghttp/server_integration_test_new.go:239.2,240.16 4 0
github.com/sofiworker/gk/ghttp/server_integration_test_new.go:241.3,242.1 1 0
github.com/sofiworker/gk/ghttp/server_integration_test_new.go:244.2,245.37 2 0
github.com/sofiworker/gk/ghttp/server_integration_test_new.go:246.3,247.1 1 0
github.com/sofiworker/gk/ghttp/server_integration_test_new.go:248.2,248.29 1 0
github.com/sofiworker/gk/ghttp/server_integration_test_new.go:249.3,249.24 1 0
github.com/sofiworker/gk/ghttp/server_integration_test_new.go:250.4,251.1 1 0
github.com/sofiworker/gk/ghttp/server_integration_test_new.go:258.2,260.1 3 0
github.com/sofiworker/gk/ghttp/server_integration_test_new.go:261.2,261.75 3 0
github.com/sofiworker/gk/ghttp/server_integration_test_new.go:262.3,262.22 1 0
github.com/sofiworker/gk/ghttp/server_integration_test_new.go:265.2,270.16 2 0
github.com/sofiworker/gk/ghttp/server_integration_test_new.go:271.3,272.1 1 0
github.com/sofiworker/gk/ghttp/server_integration_test_new.go:274.2,276.1 4 0
github.com/sofiworker/gk/ghttp/server_integration_test_new.go:277.2,278.16 4 0
github.com/sofiworker/gk/ghttp/server_integration_test_new.go:279.3,280.1 1 0
github.com/sofiworker/gk/ghttp/server_integration_test_new.go:281.2,282.1 2 0
github.com/sofiworker/gk/ghttp/server_integration_test_new.go:283.2,283.55 2 0
github.com/sofiworker/gk/ghttp/server_integration_test_new.go:284.3,285.1 1 0
github.com/sofiworker/gk/ghttp/server_integration_test_new.go:291.2,292.1 2 0
github.com/sofiworker/gk/ghttp/server_integration_test_new.go:293.2,293.75 2 0
github.com/sofiworker/gk/ghttp/server_integration_test_new.go:294.3,296.1 2 0
github.com/sofiworker/gk/ghttp/server_integration_test_new.go:298.2,304.16 3 0
github.com/sofiworker/gk/ghttp/server_integration_test_new.go:305.3,306.1 1 0
github.com/sofiworker/gk/ghttp/server_integration_test_new.go:308.2,310.1 4 0
github.com/sofiworker/gk/ghttp/server_integration_test_new.go:311.2,312.16 4 0
github.com/sofiworker/gk/ghttp/server_integration_test_new.go:313.3,314.1 1 0
github.com/sofiworker/gk/ghttp/server_integration_test_new.go:315.2,316.1 2 0
github.com/sofiworker/gk/ghttp/server_integration_test_new.go:317.2,317.38 2 0
github.com/sofiworker/gk/ghttp/server_integration_test_new.go:318.3,319.1 1 0
github.com/sofiworker/gk/ghttp/server_integration_test_new.go:321.2,322.36 2 0
github.com/sofiworker/gk/ghttp/server_integration_test_new.go:323.3,324.1 1 0
github.com/sofiworker/gk/ghttp/server_integration_test_new.go:330.2,331.1 3 0
github.com/sofiworker/gk/ghttp/server_integration_test_new.go:332.2,333.1 3 0
github.com/sofiworker/gk/ghttp/server_integration_test_new.go:334.2,334.48 3 0
github.com/sofiworker/gk/ghttp/server_integration_test_new.go:335.3,335.72 1 0
github.com/sofiworker/gk/ghttp/server_integration_test_new.go:336.4,338.1 2 0
github.com/sofiworker/gk/ghttp/server_integration_test_new.go:341.2,341.75 1 0
github.com/sofiworker/gk/ghttp/server_integration_test_new.go:342.3,344.1 2 0
github.com/sofiworker/gk/ghttp/server_integration_test_new.go:346.2,348.1 4 0
github.com/sofiworker/gk/ghttp/server_integration_test_new.go:349.2,354.16 4 0
github.com/sofiworker/gk/ghttp/server_integration_test_new.go:355.3,356.1 1 0
github.com/sofiworker/gk/ghttp/server_integration_test_new.go:358.2,360.1 4 0
github.com/sofiworker/gk/ghttp/server_integration_test_new.go:361.2,362.16 4 0
github.com/sofiworker/gk/ghttp/server_integration_test_new.go:363.3,364.1 1 0
github.com/sofiworker/gk/ghttp/server_integration_test_new.go:366.2,366.13 1 0
github.com/sofiworker/gk/ghttp/server_integration_test_new.go:367.3,368.1 1 0
github.com/sofiworker/gk/ghttp/server_integration_test_new.go:374.2,375.1 2 0
github.com/sofiworker/gk/ghttp/server_integration_test_new.go:376.2,376.75 2 0
github.com/sofiworker/gk/ghttp/server_integration_test_new.go:377.3,379.1 2 0
github.com/sofiworker/gk/ghttp/server_integration_test_new.go:381.2,383.1 4 0
github.com/sofiworker/gk/ghttp/server_integration_test_new.go:384.2,389.16 4 0
github.com/sofiworker/gk/ghttp/server_integration_test_new.go:390.3,391.1 1 0
github.com/sofiworker/gk/ghttp/server_integration_test_new.go:393.2,395.1 4 0
github.com/sofiworker/gk/ghttp/server_integration_test_new.go:396.2,397.16 4 0
github.com/sofiworker/gk/ghttp/server_integration_test_new.go:398.3,399.1 1 0
github.com/sofiworker/gk/ghttp/server_integration_test_new.go:400.2,401.1 2 0
github.com/sofiworker/gk/ghttp/server_integration_test_new.go:402.2,402.38 2 0
github.com/sofiworker/gk/ghttp/server_integration_test_new.go:403.3,404.1 1 0
github.com/sofiworker/gk/ghttp/server_integration_test_new.go:410.2,411.1 2 0
github.com/sofiworker/gk/ghttp/server_integration_test_new.go:412.2,412.78 2 0
github.com/sofiworker/gk/ghttp/server_integration_test_new.go:413.3,415.1 2 0
github.com/sofiworker/gk/ghttp/server_integration_test_new.go:417.2,417.79 1 0
github.com/sofiworker/gk/ghttp/server_integration_test_new.go:418.3,420.1 2 0
github.com/sofiworker/gk/ghttp/server_integration_test_new.go:422.2,424.1 8 0
github.com/sofiworker/gk/ghttp/server_integration_test_new.go:425.2,427.1 8 0
github.com/sofiworker/gk/ghttp/server_integration_test_new.go:429.2,432.27 8 0
github.com/sofiworker/gk/ghttp/server_integration_test_new.go:433.3,434.1 1 0
github.com/sofiworker/gk/ghttp/server_integration_test_new.go:437.2,440.28 4 0
github.com/sofiworker/gk/ghttp/server_integration_test_new.go:441.3,442.1 1 0
github.com/sofiworker/gk/ghttp/server_integration_test_new.go:448.2,449.1 2 0
github.com/sofiworker/gk/ghttp/server_integration_test_new.go:450.2,450.75 2 0
github.com/sofiworker/gk/ghttp/server_integration_test_new.go:451.3,454.1 3 0
github.com/sofiworker/gk/ghttp/server_integration_test_new.go:456.2,461.16 2 0
github.com/sofiworker/gk/ghttp/server_integration_test_new.go:462.3,463.1 1 0
github.com/sofiworker/gk/ghttp/server_integration_test_new.go:465.2,467.1 7 0
github.com/sofiworker/gk/ghttp/server_integration_test_new.go:470.2,471.1 7 0
github.com/sofiworker/gk/ghttp/server_integration_test_new.go:474.2,475.1 7 0
github.com/sofiworker/gk/ghttp/server_integration_test_new.go:478.2,480.1 7 0
github.com/sofiworker/gk/ghttp/server_integration_test_new.go:481.2,481.40 7 0
github.com/sofiworker/gk/ghttp/server_integration_test_new.go:482.3,483.1 1 0
github.com/sofiworker/gk/ghttp/value.go:24.2,25.1 1 0
github.com/sofiworker/gk/ghttp/value.go:30.2,31.1 1 0
github.com/sofiworker/gk/ghttp/value.go:36.2,37.1 1 0
github.com/sofiworker/gk/ghttp/value.go:42.2,42.15 1 0
github.com/sofiworker/gk/ghttp/value.go:43.3,44.1 1 0
github.com/sofiworker/gk/ghttp/value.go:45.2,45.19 1 0
github.com/sofiworker/gk/ghttp/value.go:51.2,51.15 1 0
github.com/sofiworker/gk/ghttp/value.go:52.3,53.1 1 0
github.com/sofiworker/gk/ghttp/value.go:54.2,54.17 1 0
github.com/sofiworker/gk/ghttp/value.go:55.3,56.1 1 0
github.com/sofiworker/gk/ghttp/value.go:57.2,57.28 1 0
github.com/sofiworker/gk/ghttp/value.go:63.2,63.15 1 0
github.com/sofiworker/gk/ghttp/value.go:64.3,65.1 1 0
github.com/sofiworker/gk/ghttp/value.go:66.2,66.17 1 0
github.com/sofiworker/gk/ghttp/value.go:67.3,68.1 1 0
github.com/sofiworker/gk/ghttp/value.go:69.2,69.40 1 0
github.com/sofiworker/gk/ghttp/value.go:75.2,75.15 1 0
github.com/sofiworker/gk/ghttp/value.go:76.3,77.1 1 0
github.com/sofiworker/gk/ghttp/value.go:78.2,78.17 1 0
github.com/sofiworker/gk/ghttp/value.go:79.3,80.1 1 0
github.com/sofiworker/gk/ghttp/value.go:81.2,81.38 1 0
github.com/sofiworker/gk/ghttp/value.go:90.2,90.15 1 0
github.com/sofiworker/gk/ghttp/value.go:91.3,92.1 1 0
github.com/sofiworker/gk/ghttp/value.go:93.2,93.17 1 0
github.com/sofiworker/gk/ghttp/value.go:94.3,95.1 1 0
github.com/sofiworker/gk/ghttp/value.go:96.2,96.33 1 0
github.com/sofiworker/gk/ghttp/value.go:102.2,103.16 2 0
github.com/sofiworker/gk/ghttp/value.go:104.3,105.1 1 0
github.com/sofiworker/gk/ghttp/value.go:106.2,106.12 1 0
github.com/sofiworker/gk/ghttp/value.go:112.2,113.16 2 0
github.com/sofiworker/gk/ghttp/value.go:114.3,115.1 1 0
github.com/sofiworker/gk/ghttp/value.go:116.2,116.12 1 0
github.com/sofiworker/gk/ghttp/value.go:122.2,123.16 2 0
github.com/sofiworker/gk/ghttp/value.go:124.3,125.1 1 0
github.com/sofiworker/gk/ghttp/value.go:126.2,126.12 1 0
github.com/sofiworker/gk/ghttp/value.go:132.2,133.16 2 0
github.com/sofiworker/gk/ghttp/value.go:134.3,135.1 1 0
github.com/sofiworker/gk/ghttp/value.go:136.2,136.12 1 0
github.com/sofiworker/gk/ghttp/value.go:142.2,143.1 1 0
github.com/sofiworker/gk/ghttp/value.go:148.2,149.1 1 0
github.com/sofiworker/gk/ghttp/value.go:154.2,155.27 2 0
github.com/sofiworker/gk/ghttp/value.go:156.3,157.17 2 0
github.com/sofiworker/gk/ghttp/value.go:158.4,159.1 1 0
github.com/sofiworker/gk/ghttp/value.go:160.3,160.31 1 0
github.com/sofiworker/gk/ghttp/value.go:162.2,162.20 1 0
github.com/sofiworker/gk/ghttp/value.go:168.2,169.27 2 0
github.com/sofiworker/gk/ghttp/value.go:170.3,171.17 2 0
github.com/sofiworker/gk/ghttp/value.go:172.4,173.1 1 0
github.com/sofiworker/gk/ghttp/value.go:174.3,174.31 1 0
github.com/sofiworker/gk/ghttp/value.go:176.2,176.20 1 0
github.com/sofiworker/gk/ghttp/value.go:182.2,183.27 2 0
github.com/sofiworker/gk/ghttp/value.go:184.3,185.17 2 0
github.com/sofiworker/gk/ghttp/value.go:186.4,187.1 1 0
github.com/sofiworker/gk/ghttp/value.go:188.3,188.31 1 0
github.com/sofiworker/gk/ghttp/value.go:190.2,190.20 1 0
github.com/sofiworker/gk/ghttp/value.go:196.2,199.1 3 0
github.com/sofiworker/gk/ghttp/value.go:204.2,207.1 3 0
github.com/sofiworker/gk/ghttp/value.go:212.2,213.17 2 0
github.com/sofiworker/gk/ghttp/value.go:214.3,215.1 1 0
github.com/sofiworker/gk/ghttp/value.go:216.2,216.24 1 0
github.com/sofiworker/gk/ghttp/value.go:222.2,225.1 3 0
github.com/sofiworker/gk/ghttp/value.go:230.2,231.16 2 0
github.com/sofiworker/gk/ghttp/value.go:232.3,233.1 1 0
github.com/sofiworker/gk/ghttp/value.go:234.2,234.37 1 0
